Component: ARM Compiler 5.06 update 6 (build 750) Tool: armlink [4d35ed]

==============================================================================

Section Cross References

    system_stm32f10x.o(i.SetSysClock) refers to system_stm32f10x.o(i.SetSysClockTo72) for SetSysClockTo72
    system_stm32f10x.o(i.SystemCoreClockUpdate) refers to system_stm32f10x.o(.data) for SystemCoreClock
    system_stm32f10x.o(i.SystemInit) refers to system_stm32f10x.o(i.SetSysClock) for SetSysClock
    startup_stm32f10x_md.o(RESET) refers to startup_stm32f10x_md.o(STACK) for __initial_sp
    startup_stm32f10x_md.o(RESET) refers to startup_stm32f10x_md.o(.text) for Reset_Handler
    startup_stm32f10x_md.o(RESET) refers to stm32f10x_it.o(i.NMI_Handler) for NMI_Handler
    startup_stm32f10x_md.o(RESET) refers to stm32f10x_it.o(i.HardFault_Handler) for HardFault_Handler
    startup_stm32f10x_md.o(RESET) refers to stm32f10x_it.o(i.MemManage_Handler) for MemManage_Handler
    startup_stm32f10x_md.o(RESET) refers to stm32f10x_it.o(i.BusFault_Handler) for BusFault_Handler
    startup_stm32f10x_md.o(RESET) refers to stm32f10x_it.o(i.UsageFault_Handler) for UsageFault_Handler
    startup_stm32f10x_md.o(RESET) refers to stm32f10x_it.o(i.SVC_Handler) for SVC_Handler
    startup_stm32f10x_md.o(RESET) refers to stm32f10x_it.o(i.DebugMon_Handler) for DebugMon_Handler
    startup_stm32f10x_md.o(RESET) refers to stm32f10x_it.o(i.PendSV_Handler) for PendSV_Handler
    startup_stm32f10x_md.o(RESET) refers to stm32f10x_it.o(i.SysTick_Handler) for SysTick_Handler
    startup_stm32f10x_md.o(RESET) refers to myusart.o(i.USART1_IRQHandler) for USART1_IRQHandler
    startup_stm32f10x_md.o(RESET) refers to myusart.o(i.USART2_IRQHandler) for USART2_IRQHandler
    startup_stm32f10x_md.o(.text) refers to system_stm32f10x.o(i.SystemInit) for SystemInit
    startup_stm32f10x_md.o(.text) refers to entry.o(.ARM.Collect$$$$00000000) for __main
    stm32f10x_adc.o(i.ADC_DeInit) refers to stm32f10x_rcc.o(i.RCC_APB2PeriphResetCmd) for RCC_APB2PeriphResetCmd
    stm32f10x_bkp.o(i.BKP_DeInit) refers to stm32f10x_rcc.o(i.RCC_BackupResetCmd) for RCC_BackupResetCmd
    stm32f10x_can.o(i.CAN_DeInit) refers to stm32f10x_rcc.o(i.RCC_APB1PeriphResetCmd) for RCC_APB1PeriphResetCmd
    stm32f10x_can.o(i.CAN_GetITStatus) refers to stm32f10x_can.o(i.CheckITStatus) for CheckITStatus
    stm32f10x_cec.o(i.CEC_DeInit) refers to stm32f10x_rcc.o(i.RCC_APB1PeriphResetCmd) for RCC_APB1PeriphResetCmd
    stm32f10x_dac.o(i.DAC_DeInit) refers to stm32f10x_rcc.o(i.RCC_APB1PeriphResetCmd) for RCC_APB1PeriphResetCmd
    stm32f10x_flash.o(i.FLASH_EnableWriteProtection) refers to stm32f10x_flash.o(i.FLASH_WaitForLastOperation) for FLASH_WaitForLastOperation
    stm32f10x_flash.o(i.FLASH_EraseAllBank1Pages) refers to stm32f10x_flash.o(i.FLASH_WaitForLastBank1Operation) for FLASH_WaitForLastBank1Operation
    stm32f10x_flash.o(i.FLASH_EraseAllPages) refers to stm32f10x_flash.o(i.FLASH_WaitForLastOperation) for FLASH_WaitForLastOperation
    stm32f10x_flash.o(i.FLASH_EraseOptionBytes) refers to stm32f10x_flash.o(i.FLASH_GetReadOutProtectionStatus) for FLASH_GetReadOutProtectionStatus
    stm32f10x_flash.o(i.FLASH_EraseOptionBytes) refers to stm32f10x_flash.o(i.FLASH_WaitForLastOperation) for FLASH_WaitForLastOperation
    stm32f10x_flash.o(i.FLASH_ErasePage) refers to stm32f10x_flash.o(i.FLASH_WaitForLastOperation) for FLASH_WaitForLastOperation
    stm32f10x_flash.o(i.FLASH_ProgramHalfWord) refers to stm32f10x_flash.o(i.FLASH_WaitForLastOperation) for FLASH_WaitForLastOperation
    stm32f10x_flash.o(i.FLASH_ProgramOptionByteData) refers to stm32f10x_flash.o(i.FLASH_WaitForLastOperation) for FLASH_WaitForLastOperation
    stm32f10x_flash.o(i.FLASH_ProgramWord) refers to stm32f10x_flash.o(i.FLASH_WaitForLastOperation) for FLASH_WaitForLastOperation
    stm32f10x_flash.o(i.FLASH_ReadOutProtection) refers to stm32f10x_flash.o(i.FLASH_WaitForLastOperation) for FLASH_WaitForLastOperation
    stm32f10x_flash.o(i.FLASH_UserOptionByteConfig) refers to stm32f10x_flash.o(i.FLASH_WaitForLastOperation) for FLASH_WaitForLastOperation
    stm32f10x_flash.o(i.FLASH_WaitForLastBank1Operation) refers to stm32f10x_flash.o(i.FLASH_GetBank1Status) for FLASH_GetBank1Status
    stm32f10x_flash.o(i.FLASH_WaitForLastOperation) refers to stm32f10x_flash.o(i.FLASH_GetBank1Status) for FLASH_GetBank1Status
    stm32f10x_gpio.o(i.GPIO_AFIODeInit) refers to stm32f10x_rcc.o(i.RCC_APB2PeriphResetCmd) for RCC_APB2PeriphResetCmd
    stm32f10x_gpio.o(i.GPIO_DeInit) refers to stm32f10x_rcc.o(i.RCC_APB2PeriphResetCmd) for RCC_APB2PeriphResetCmd
    stm32f10x_i2c.o(i.I2C_DeInit) refers to stm32f10x_rcc.o(i.RCC_APB1PeriphResetCmd) for RCC_APB1PeriphResetCmd
    stm32f10x_i2c.o(i.I2C_Init) refers to stm32f10x_rcc.o(i.RCC_GetClocksFreq) for RCC_GetClocksFreq
    stm32f10x_pwr.o(i.PWR_DeInit) refers to stm32f10x_rcc.o(i.RCC_APB1PeriphResetCmd) for RCC_APB1PeriphResetCmd
[...]
    i.OLED_I2C_Start                         0x08001be2   Section        0  oled.o(i.OLED_I2C_Start)
    i.OLED_I2C_Stop                          0x08001bfe   Section        0  oled.o(i.OLED_I2C_Stop)
    i.OLED_Init                              0x08001c14   Section        0  oled.o(i.OLED_Init)
    i.OLED_Pow                               0x08001cae   Section        0  oled.o(i.OLED_Pow)
    i.OLED_SetCursor                         0x08001cc2   Section        0  oled.o(i.OLED_SetCursor)
    i.OLED_ShowChar                          0x08001ce4   Section        0  oled.o(i.OLED_ShowChar)
    i.OLED_ShowChinese                       0x08001d38   Section        0  oled.o(i.OLED_ShowChinese)
    i.OLED_ShowImage                         0x08001dd0   Section        0  oled.o(i.OLED_ShowImage)
    i.OLED_ShowNum                           0x08001efc   Section        0  oled.o(i.OLED_ShowNum)
    i.OLED_ShowString                        0x08001f48   Section        0  oled.o(i.OLED_ShowString)
    i.OLED_Update                            0x08001f78   Section        0  oled.o(i.OLED_Update)
    i.OLED_W_SCL                             0x08001fa0   Section        0  oled.o(i.OLED_W_SCL)
    i.OLED_W_SDA                             0x08001fb8   Section        0  oled.o(i.OLED_W_SDA)
    i.OLED_WriteCommand                      0x08001fd0   Section        0  oled.o(i.OLED_WriteCommand)
    i.OLED_WriteData                         0x08001ff0   Section        0  oled.o(i.OLED_WriteData)
    i.PWM_SetCompare1                        0x08002020   Section        0  pwm.o(i.PWM_SetCompare1)
    i.PWM_init1                              0x08002034   Section        0  pwm.o(i.PWM_init1)
    i.PendSV_Handler                         0x080020c8   Section        0  stm32f10x_it.o(i.PendSV_Handler)
    i.Process_Key_Events                     0x080020cc   Section        0  main.o(i.Process_Key_Events)
    Process_Key_Events                       0x080020cd   Thumb Code   188  main.o(i.Process_Key_Events)
    i.RCC_ADCCLKConfig                       0x080021ac   Section        0  stm32f10x_rcc.o(i.RCC_ADCCLKConfig)
    i.RCC_APB1PeriphClockCmd                 0x080021c4   Section        0  stm32f10x_rcc.o(i.RCC_APB1PeriphClockCmd)
    i.RCC_APB2PeriphClockCmd                 0x080021e4   Section        0  stm32f10x_rcc.o(i.RCC_APB2PeriphClockCmd)
    i.RCC_APB2PeriphResetCmd                 0x08002204   Section        0  stm32f10x_rcc.o(i.RCC_APB2PeriphResetCmd)
    i.RCC_GetClocksFreq                      0x08002224   Section        0  stm32f10x_rcc.o(i.RCC_GetClocksFreq)
    i.Read_Byte                              0x080022f8   Section        0  dht11.o(i.Read_Byte)
    Read_Byte                                0x080022f9   Thumb Code    90  dht11.o(i.Read_Byte)
    i.Read_DHT11                             0x08002358   Section        0  dht11.o(i.Read_DHT11)
    i.SVC_Handler                            0x080023f8   Section        0  stm32f10x_it.o(i.SVC_Handler)
    i.Serial_Init                            0x080023fc   Section        0  myusart.o(i.Serial_Init)
    i.Serial_SendByte                        0x080024b0   Section        0  myusart.o(i.Serial_SendByte)
    i.Serial_SendString                      0x080024d0   Section        0  myusart.o(i.Serial_SendString)
    i.Servo_Init                             0x080024ea   Section        0  servo.o(i.Servo_Init)
    i.Servo_SetAngle                         0x080024f4   Section        0  servo.o(i.Servo_SetAngle)
    i.SetSysClock                            0x08002530   Section        0  system_stm32f10x.o(i.SetSysClock)
    SetSysClock                              0x08002531   Thumb Code     8  system_stm32f10x.o(i.SetSysClock)
    i.SetSysClockTo72                        0x08002538   Section        0  system_stm32f10x.o(i.SetSysClockTo72)
    SetSysClockTo72                          0x08002539   Thumb Code   214  system_stm32f10x.o(i.SetSysClockTo72)
    i.SysTick_Handler                        0x08002618   Section        0  stm32f10x_it.o(i.SysTick_Handler)
    i.SystemInit                             0x0800261c   Section        0  system_stm32f10x.o(i.SystemInit)
    i.TIM_Cmd                                0x0800267c   Section        0  stm32f10x_tim.o(i.TIM_Cmd)
    i.TIM_InternalClockConfig                0x08002694   Section        0  stm32f10x_tim.o(i.TIM_InternalClockConfig)
    i.TIM_OC1Init                            0x080026a0   Section        0  stm32f10x_tim.o(i.TIM_OC1Init)
    i.TIM_OCStructInit                       0x08002738   Section        0  stm32f10x_tim.o(i.TIM_OCStructInit)
    i.TIM_SetCompare1                        0x0800274c   Section        0  stm32f10x_tim.o(i.TIM_SetCompare1)
    i.TIM_TimeBaseInit                       0x08002750   Section        0  stm32f10x_tim.o(i.TIM_TimeBaseInit)
    i.USART1_IRQHandler                      0x080027f4   Section        0  myusart.o(i.USART1_IRQHandler)
    i.USART2_IRQHandler                      0x08002824   Section        0  myusart.o(i.USART2_IRQHandler)
    i.USART_ClearITPendingBit                0x08002854   Section        0  stm32f10x_usart.o(i.USART_ClearITPendingBit)
    i.USART_Cmd                              0x08002872   Section        0  stm32f10x_usart.o(i.USART_Cmd)
    i.USART_GetFlagStatus                    0x0800288a   Section        0  stm32f10x_usart.o(i.USART_GetFlagStatus)
    i.USART_GetITStatus                      0x080028a4   Section        0  stm32f10x_usart.o(i.USART_GetITStatus)
    i.USART_ITConfig                         0x080028f8   Section        0  stm32f10x_usart.o(i.USART_ITConfig)
    i.USART_Init                             0x08002944   Section        0  stm32f10x_usart.o(i.USART_Init)
    i.USART_ReceiveData                      0x08002a1c   Section        0  stm32f10x_usart.o(i.USART_ReceiveData)
    i.USART_SendData                         0x08002a26   Section        0  stm32f10x_usart.o(i.USART_SendData)
    i.Update_Display_Content                 0x08002a30   Section        0  main.o(i.Update_Display_Content)
    Update_Display_Content                   0x08002a31   Thumb Code   390  main.o(i.Update_Display_Content)
    i.Update_Sensor_Data                     0x08002c34   Section        0  main.o(i.Update_Sensor_Data)
    Update_Sensor_Data                       0x08002c35   Thumb Code   184  main.o(i.Update_Sensor_Data)
    i.UsageFault_Handler                     0x08002d08   Section        0  stm32f10x_it.o(i.UsageFault_Handler)
    i.__0printf                              0x08002d0c   Section        0  printfa.o(i.__0printf)
    i.__0snprintf                            0x08002d2c   Section        0  printfa.o(i.__0snprintf)
    i.__aeabi_errno_addr                     0x08002d5c   Section        0  errno.o(i.__aeabi_errno_addr)
    i.__free$realloc                         0x08002d64   Section        0  mallocr.o(i.__free$realloc)
    i.__malloc$realloc                       0x08002dc0   Section        0  mallocr.o(i.__malloc$realloc)
    i.__scatterload_copy                     0x08002e10   Section       14  handlers.o(i.__scatterload_copy)
    i.__scatterload_null                     0x08002e1e   Section        2  handlers.o(i.__scatterload_null)
    i.__scatterload_zeroinit                 0x08002e20   Section       14  handlers.o(i.__scatterload_zeroinit)
    i._fp_digits                             0x08002e30   Section        0  printfa.o(i._fp_digits)
    _fp_digits                               0x08002e31   Thumb Code   366  printfa.o(i._fp_digits)
    i._is_digit                              0x08002fb4   Section        0  scanf_fp.o(i._is_digit)
    i._printf_core                           0x08002fc4   Section        0  printfa.o(i._printf_core)
    _printf_core                             0x08002fc5   Thumb Code  1744  printfa.o(i._printf_core)
    i._printf_post_padding                   0x080036a0   Section        0  printfa.o(i._printf_post_padding)
    _printf_post_padding                     0x080036a1   Thumb Code    36  printfa.o(i._printf_post_padding)
    i._printf_pre_padding                    0x080036c4   Section        0  printfa.o(i._printf_pre_padding)
    _printf_pre_padding                      0x080036c5   Thumb Code    46  printfa.o(i._printf_pre_padding)
    i._snputc                                0x080036f2   Section        0  printfa.o(i._snputc)
    _snputc                                  0x080036f3   Thumb Code    22  printfa.o(i._snputc)
    i.beep_alarm                             0x08003708   Section        0  fmq.o(i.beep_alarm)
    i.beep_off                               0x08003738   Section        0  fmq.o(i.beep_off)
    i.beep_on                                0x08003748   Section        0  fmq.o(i.beep_on)
    i.buffer_skip_whitespace                 0x08003758   Section        0  cjson.o(i.buffer_skip_whitespace)
    buffer_skip_whitespace                   0x08003759   Thumb Code    72  cjson.o(i.buffer_skip_whitespace)
    i.cJSON_Delete                           0x080037a0   Section        0  cjson.o(i.cJSON_Delete)
    i.cJSON_GetErrorPtr                      0x08003800   Section        0  cjson.o(i.cJSON_GetErrorPtr)
    i.cJSON_GetObjectItem                    0x08003810   Section        0  cjson.o(i.cJSON_GetObjectItem)
    i.cJSON_IsNumber                         0x08003822   Section        0  cjson.o(i.cJSON_IsNumber)
    i.cJSON_IsString                         0x08003838   Section        0  cjson.o(i.cJSON_IsString)
    i.cJSON_New_Item                         0x0800384e   Section        0  cjson.o(i.cJSON_New_Item)
    cJSON_New_Item                           0x0800384f   Thumb Code    26  cjson.o(i.cJSON_New_Item)
    i.cJSON_Parse                            0x08003868   Section        0  cjson.o(i.cJSON_Parse)
    i.cJSON_ParseWithLengthOpts              0x08003878   Section        0  cjson.o(i.cJSON_ParseWithLengthOpts)
    i.cJSON_ParseWithOpts                    0x0800394c   Section        0  cjson.o(i.cJSON_ParseWithOpts)
    i.case_insensitive_strcmp                0x08003974   Section        0  cjson.o(i.case_insensitive_strcmp)
    case_insensitive_strcmp                  0x08003975   Thumb Code    72  cjson.o(i.case_insensitive_strcmp)
    i.esp_Init                               0x080039bc   Section        0  esp.o(i.esp_Init)
    i.fengguan                               0x080039c8   Section        0  beep.o(i.fengguan)
    i.fengkai                                0x080039dc   Section        0  beep.o(i.fengkai)
    i.fputc                                  0x080039f0   Section        0  myusart.o(i.fputc)
    i.get_decimal_point                      0x08003a00   Section        0  cjson.o(i.get_decimal_point)
    get_decimal_point                        0x08003a01   Thumb Code     4  cjson.o(i.get_decimal_point)
    i.get_object_item                        0x08003a04   Section        0  cjson.o(i.get_object_item)
    get_object_item                          0x08003a05   Thumb Code    82  cjson.o(i.get_object_item)
    i.internal_alloc                         0x08003a58   Section        0  mallocr.o(i.internal_alloc)
    internal_alloc                           0x08003a59   Thumb Code    76  mallocr.o(i.internal_alloc)
    i.main                                   0x08003aa8   Section        0  main.o(i.main)
    i.mfq_Init                               0x08003c28   Section        0  fmq.o(i.mfq_Init)
    i.parse_array                            0x08003c5c   Section        0  cjson.o(i.parse_array)
    parse_array                              0x08003c5d   Thumb Code   248  cjson.o(i.parse_array)
    i.parse_hex4                             0x08003d54   Section        0  cjson.o(i.parse_hex4)
    parse_hex4                               0x08003d55   Thumb Code    90  cjson.o(i.parse_hex4)
    i.parse_number                           0x08003db0   Section        0  cjson.o(i.parse_number)
    parse_number                             0x08003db1   Thumb Code   298  cjson.o(i.parse_number)
    i.parse_object                           0x08003ee8   Section        0  cjson.o(i.parse_object)
    parse_object                             0x08003ee9   Thumb Code   332  cjson.o(i.parse_object)
    i.parse_string                           0x08004034   Section        0  cjson.o(i.parse_string)
    parse_string                             0x08004035   Thumb Code   398  cjson.o(i.parse_string)
    i.parse_value                            0x080041c4   Section        0  cjson.o(i.parse_value)
    parse_value                              0x080041c5   Thumb Code   290  cjson.o(i.parse_value)
    i.realloc                                0x08004300   Section        0  mallocr.o(i.realloc)
    i.shuiguan                               0x0800436c   Section        0  beep.o(i.shuiguan)
    i.shuikai                                0x08004380   Section        0  beep.o(i.shuikai)
    i.skip_utf8_bom                          0x08004394   Section        0  cjson.o(i.skip_utf8_bom)
    skip_utf8_bom                            0x08004395   Thumb Code    56  cjson.o(i.skip_utf8_bom)
    i.strtod                                 0x080043d0   Section        0  strtod.o(i.strtod)
    i.uart2_init                             0x080043ec   Section        0  myusart.o(i.uart2_init)
    i.uart2_send_byte                        0x080044a0   Section        0  myusart.o(i.uart2_send_byte)
    i.uart2_send_string                      0x080044c0   Section        0  myusart.o(i.uart2_send_string)
    i.usart2_receive_callback                0x080044d8   Section        0  myusart.o(i.usart2_receive_callback)
    i.utf16_literal_to_utf8                  0x0800454c   Section        0  cjson.o(i.utf16_literal_to_utf8)
    utf16_literal_to_utf8                    0x0800454d   Thumb Code   300  cjson.o(i.utf16_literal_to_utf8)
    i.wireless_clear_buffer                  0x08004678   Section        0  esp.o(i.wireless_clear_buffer)
    i.wireless_command_control               0x08004694   Section        0  esp.o(i.wireless_command_control)
    i.wireless_error_handler                 0x0800478c   Section        0  esp.o(i.wireless_error_handler)
    i.wireless_get_command_id                0x0800491c   Section        0  esp.o(i.wireless_get_command_id)
    i.wireless_get_onenet_command_flag       0x08004988   Section        0  esp.o(i.wireless_get_onenet_command_flag)
    i.wireless_get_receive_flag              0x080049cc   Section        0  esp.o(i.wireless_get_receive_flag)
    i.wireless_init                          0x080049dc   Section        0  esp.o(i.wireless_init)
    i.wireless_mqtt_connect_status           0x08004cac   Section        0  esp.o(i.wireless_mqtt_connect_status)
    i.wireless_onenet_data_handler           0x08004d1c   Section        0  esp.o(i.wireless_onenet_data_handler)
    i.wireless_processing_command            0x08004ddc   Section        0  esp.o(i.wireless_processing_command)
    i.wireless_publish_data                  0x08004e6c   Section        0  esp.o(i.wireless_publish_data)
    i.wireless_receive_callback              0x080051a4   Section        0  esp.o(i.wireless_receive_callback)
    i.wireless_receive_command_respond       0x080051fc   Section        0  esp.o(i.wireless_receive_command_respond)
    i.wireless_receive_data_handler          0x080052b4   Section        0  esp.o(i.wireless_receive_data_handler)
    i.wireless_receiver_command_extract      0x080053d0   Section        0  esp.o(i.wireless_receiver_command_extract)
    i.wireless_send_command                  0x080055cc   Section        0  esp.o(i.wireless_send_command)
    i.wireless_system_handler                0x08005674   Section        0  esp.o(i.wireless_system_handler)
    i.wireless_wifi_connect_status           0x0800570c   Section        0  esp.o(i.wireless_wifi_connect_status)
    .constdata                               0x08005750   Section     3418  oeld_data.o(.constdata)
    .constdata                               0x080064aa   Section      129  ctype_o.o(.constdata)
    .constdata                               0x0800652c   Section        4  ctype_o.o(.constdata)
    table                                    0x0800652c   Data           4  ctype_o.o(.constdata)
    .conststring                             0x08006530   Section      429  esp.o(.conststring)
    .data                                    0x20000000   Section       20  stm32f10x_rcc.o(.data)
    APBAHBPrescTable                         0x20000000   Data          16  stm32f10x_rcc.o(.data)
    ADCPrescTable                            0x20000010   Data           4  stm32f10x_rcc.o(.data)
    .data                                    0x20000014   Section       83  main.o(.data)
    .data                                    0x20000067   Section        1  key.o(.data)
    key_up                                   0x20000067   Data           1  key.o(.data)
    .data                                    0x20000068   Section      259  esp.o(.data)
    error_send_count                         0x2000016a   Data           1  esp.o(.data)
    .data                                    0x2000016c   Section       20  cjson.o(.data)
    global_error                             0x2000016c   Data           8  cjson.o(.data)
    global_hooks                             0x20000174   Data          12  cjson.o(.data)
    .data                                    0x20000180   Section        4  stdout.o(.data)
    .data                                    0x20000184   Section        4  mvars.o(.data)
    .data                                    0x20000188   Section        4  mvars.o(.data)
    .data                                    0x2000018c   Section        4  errno.o(.data)
    _errno                                   0x2000018c   Data           4  errno.o(.data)
    .bss                                     0x20000190   Section     1024  oled.o(.bss)
    .bss                                     0x20000590   Section      328  esp.o(.bss)
    .bss                                     0x200006d8   Section      260  myusart.o(.bss)
    HEAP                                     0x200007e0   Section     1024  startup_stm32f10x_md.o(HEAP)
    STACK                                    0x20000be0   Section     2048  startup_stm32f10x_md.o(STACK)

    Global Symbols

    Symbol Name                              Value     Ov Type        Size  Object(Section)

    BuildAttributes$$THM_ISAv4$P$D$K$B$S$PE$A:L22UL41UL21$X:L11$S22US41US21$IEEE1$IW$USESV6$~STKCKD$USESV7$~SHL$OTIME$ROPI$IEEEX$EBA8$MICROLIB$REQ8$PRES8$EABIv2 0x00000000   Number         0  anon$$obj.o ABSOLUTE
    __ARM_use_no_argv                        0x00000000   Number         0  main.o ABSOLUTE
    _printf_a                                0x00000000   Number         0  stubs.o ABSOLUTE
    _printf_c                                0x00000000   Number         0  stubs.o ABSOLUTE
    _printf_charcount                        0x00000000   Number         0  stubs.o ABSOLUTE
    _printf_d                                0x00000000   Number         0  stubs.o ABSOLUTE
    _printf_e                                0x00000000   Number         0  stubs.o ABSOLUTE
    _printf_f                                0x00000000   Number         0  stubs.o ABSOLUTE
    _printf_flags                            0x00000000   Number         0  stubs.o ABSOLUTE
    _printf_fp_dec                           0x00000000   Number         0  stubs.o ABSOLUTE
    _printf_fp_hex                           0x00000000   Number         0  stubs.o ABSOLUTE
    _printf_g                                0x00000000   Number         0  stubs.o ABSOLUTE
    _printf_i                                0x00000000   Number         0  stubs.o ABSOLUTE
    _printf_int_dec                          0x00000000   Number         0  stubs.o ABSOLUTE
    _printf_l                                0x00000000   Number         0  stubs.o ABSOLUTE
    _printf_lc                               0x00000000   Number         0  stubs.o ABSOLUTE
    _printf_ll                               0x00000000   Number         0  stubs.o ABSOLUTE
    _printf_lld                              0x00000000   Number         0  stubs.o ABSOLUTE
    _printf_lli                              0x00000000   Number         0  stubs.o ABSOLUTE
    _printf_llo                              0x00000000   Number         0  stubs.o ABSOLUTE
    _printf_llu                              0x00000000   Number         0  stubs.o ABSOLUTE
    _printf_llx                              0x00000000   Number         0  stubs.o ABSOLUTE
    _printf_longlong_dec                     0x00000000   Number         0  stubs.o ABSOLUTE
    _printf_longlong_hex                     0x00000000   Number         0  stubs.o ABSOLUTE
    _printf_longlong_oct                     0x00000000   Number         0  stubs.o ABSOLUTE
    _printf_ls                               0x00000000   Number         0  stubs.o ABSOLUTE
    _printf_mbtowc                           0x00000000   Number         0  stubs.o ABSOLUTE
    _printf_n                                0x00000000   Number         0  stubs.o ABSOLUTE
    _printf_o                                0x00000000   Number         0  stubs.o ABSOLUTE
    _printf_p                                0x00000000   Number         0  stubs.o ABSOLUTE
    _printf_percent                          0x00000000   Number         0  stubs.o ABSOLUTE
    _printf_pre_padding                      0x00000000   Number         0  stubs.o ABSOLUTE
    _printf_return_value                     0x00000000   Number         0  stubs.o ABSOLUTE
    _printf_s                                0x00000000   Number         0  stubs.o ABSOLUTE
    _printf_sizespec                         0x00000000   Number         0  stubs.o ABSOLUTE
    _printf_str                              0x00000000   Number         0  stubs.o ABSOLUTE
    _printf_truncate_signed                  0x00000000   Number         0  stubs.o ABSOLUTE
    _printf_truncate_unsigned                0x00000000   Number         0  stubs.o ABSOLUTE
    _printf_u                                0x00000000   Number         0  stubs.o ABSOLUTE
    _printf_wc                               0x00000000   Number         0  stubs.o ABSOLUTE
    _printf_wctomb                           0x00000000   Number         0  stubs.o ABSOLUTE
    _printf_widthprec                        0x00000000   Number         0  stubs.o ABSOLUTE
    _printf_x                                0x00000000   Number         0  stubs.o ABSOLUTE
    __cpp_initialize__aeabi_                  - Undefined Weak Reference
    __cxa_finalize                            - Undefined Weak Reference
    _clock_init                               - Undefined Weak Reference
    _microlib_exit                            - Undefined Weak Reference
    _scanf_int                                - Undefined Weak Reference
    _scanf_longlong                           - Undefined Weak Reference
    _scanf_string                             - Undefined Weak Reference
    __Vectors_Size                           0x000000ec   Number         0  startup_stm32f10x_md.o ABSOLUTE
    __Vectors                                0x08000000   Data           4  startup_stm32f10x_md.o(RESET)
    __Vectors_End                            0x080000ec   Data           0  startup_stm32f10x_md.o(RESET)
    __main                                   0x080000ed   Thumb Code     0  entry.o(.ARM.Collect$$$$00000000)
    _main_stk                                0x080000ed   Thumb Code     0  entry2.o(.ARM.Collect$$$$00000001)
    _main_scatterload                        0x080000f1   Thumb Code     0  entry5.o(.ARM.Collect$$$$00000004)
    __main_after_scatterload                 0x080000f5   Thumb Code     0  entry5.o(.ARM.Collect$$$$00000004)
    _main_clock                              0x080000f5   Thumb Code     0  entry7b.o(.ARM.Collect$$$$00000008)
    _main_cpp_init                           0x080000f5   Thumb Code     0  entry8b.o(.ARM.Collect$$$$0000000A)
    _main_init                               0x080000f5   Thumb Code     0  entry9a.o(.ARM.Collect$$$$0000000B)
    __rt_final_cpp                           0x080000fd   Thumb Code     0  entry10a.o(.ARM.Collect$$$$0000000D)
    __rt_final_exit                          0x080000fd   Thumb Code     0  entry11a.o(.ARM.Collect$$$$0000000F)
    Reset_Handler                            0x08000101   Thumb Code     8  startup_stm32f10x_md.o(.text)
    ADC1_2_IRQHandler                        0x0800011b   Thumb Code     0  startup_stm32f10x_md.o(.text)
    CAN1_RX1_IRQHandler                      0x0800011b   Thumb Code     0  startup_stm32f10x_md.o(.text)
    CAN1_SCE_IRQHandler                      0x0800011b   Thumb Code     0  startup_stm32f10x_md.o(.text)
    DMA1_Channel1_IRQHandler                 0x0800011b   Thumb Code     0  startup_stm32f10x_md.o(.text)
    DMA1_Channel2_IRQHandler                 0x0800011b   Thumb Code     0  startup_stm32f10x_md.o(.text)
    DMA1_Channel3_IRQHandler                 0x0800011b   Thumb Code     0  startup_stm32f10x_md.o(.text)
    DMA1_Channel4_IRQHandler                 0x0800011b   Thumb Code     0  startup_stm32f10x_md.o(.text)
    DMA1_Channel5_IRQHandler                 0x0800011b   Thumb Code     0  startup_stm32f10x_md.o(.text)
    DMA1_Channel6_IRQHandler                 0x0800011b   Thumb Code     0  startup_stm32f10x_md.o(.text)
    DMA1_Channel7_IRQHandler                 0x0800011b   Thumb Code     0  startup_stm32f10x_md.o(.text)
    EXTI0_IRQHandler                         0x0800011b   Thumb Code     0  startup_stm32f10x_md.o(.text)
    EXTI15_10_IRQHandler                     0x0800011b   Thumb Code     0  startup_stm32f10x_md.o(.text)
    EXTI1_IRQHandler                         0x0800011b   Thumb Code     0  startup_stm32f10x_md.o(.text)
    EXTI2_IRQHandler                         0x0800011b   Thumb Code     0  startup_stm32f10x_md.o(.text)
    EXTI3_IRQHandler                         0x0800011b   Thumb Code     0  startup_stm32f10x_md.o(.text)
    EXTI4_IRQHandler                         0x0800011b   Thumb Code     0  startup_stm32f10x_md.o(.text)
    EXTI9_5_IRQHandler                       0x0800011b   Thumb Code     0  startup_stm32f10x_md.o(.text)
    FLASH_IRQHandler                         0x0800011b   Thumb Code     0  startup_stm32f10x_md.o(.text)
    I2C1_ER_IRQHandler                       0x0800011b   Thumb Code     0  startup_stm32f10x_md.o(.text)
    I2C1_EV_IRQHandler                       0x0800011b   Thumb Code     0  startup_stm32f10x_md.o(.text)
    I2C2_ER_IRQHandler                       0x0800011b   Thumb Code     0  startup_stm32f10x_md.o(.text)
    I2C2_EV_IRQHandler                       0x0800011b   Thumb Code     0  startup_stm32f10x_md.o(.text)
    PVD_IRQHandler                           0x0800011b   Thumb Code     0  startup_stm32f10x_md.o(.text)
    RCC_IRQHandler                           0x0800011b   Thumb Code     0  startup_stm32f10x_md.o(.text)
    RTCAlarm_IRQHandler                      0x0800011b   Thumb Code     0  startup_stm32f10x_md.o(.text)
    RTC_IRQHandler                           0x0800011b   Thumb Code     0  startup_stm32f10x_md.o(.text)
    SPI1_IRQHandler                          0x0800011b   Thumb Code     0  startup_stm32f10x_md.o(.text)
    SPI2_IRQHandler                          0x0800011b   Thumb Code     0  startup_stm32f10x_md.o(.text)
    TAMPER_IRQHandler                        0x0800011b   Thumb Code     0  startup_stm32f10x_md.o(.text)
    TIM1_BRK_IRQHandler                      0x0800011b   Thumb Code     0  startup_stm32f10x_md.o(.text)
    TIM1_CC_IRQHandler                       0x0800011b   Thumb Code     0  startup_stm32f10x_md.o(.text)
    TIM1_TRG_COM_IRQHandler                  0x0800011b   Thumb Code     0  startup_stm32f10x_md.o(.text)
    TIM1_UP_IRQHandler                       0x0800011b   Thumb Code     0  startup_stm32f10x_md.o(.text)
    TIM2_IRQHandler                          0x0800011b   Thumb Code     0  startup_stm32f10x_md.o(.text)
    TIM3_IRQHandler                          0x0800011b   Thumb Code     0  startup_stm32f10x_md.o(.text)
    TIM4_IRQHandler                          0x0800011b   Thumb Code     0  startup_stm32f10x_md.o(.text)
    USART3_IRQHandler                        0x0800011b   Thumb Code     0  startup_stm32f10x_md.o(.text)
    USBWakeUp_IRQHandler                     0x0800011b   Thumb Code     0  startup_stm32f10x_md.o(.text)
    USB_HP_CAN1_TX_IRQHandler                0x0800011b   Thumb Code     0  startup_stm32f10x_md.o(.text)
    USB_LP_CAN1_RX0_IRQHandler               0x0800011b   Thumb Code     0  startup_stm32f10x_md.o(.text)
    WWDG_IRQHandler                          0x0800011b   Thumb Code     0  startup_stm32f10x_md.o(.text)
    tolower                                  0x08000125   Thumb Code    12  tolower.o(.text)
    __aeabi_memcpy                           0x08000131   Thumb Code    36  memcpya.o(.text)
    __aeabi_memcpy4                          0x08000131   Thumb Code     0  memcpya.o(.text)
    __aeabi_memcpy8                          0x08000131   Thumb Code     0  memcpya.o(.text)
    __aeabi_memset                           0x08000155   Thumb Code    14  memseta.o(.text)
    __aeabi_memset4                          0x08000155   Thumb Code     0  memseta.o(.text)
    __aeabi_memset8                          0x08000155   Thumb Code     0  memseta.o(.text)
    __aeabi_memclr                           0x08000163   Thumb Code     4  memseta.o(.text)
    __aeabi_memclr4                          0x08000163   Thumb Code     0  memseta.o(.text)
    __aeabi_memclr8                          0x08000163   Thumb Code     0  memseta.o(.text)
    _memset$wrapper                          0x08000167   Thumb Code    18  memseta.o(.text)
    strstr                                   0x08000179   Thumb Code    36  strstr.o(.text)
    strchr                                   0x0800019d   Thumb Code    20  strchr.o(.text)
    strlen                                   0x080001b1   Thumb Code    14  strlen.o(.text)
    strcmp                                   0x080001bf   Thumb Code    28  strcmp.o(.text)
    strncmp                                  0x080001db   Thumb Code    30  strncmp.o(.text)
    _scanf_real                              0x08000321   Thumb Code     0  scanf_fp.o(.text)
    _scanf_really_real                       0x08000321   Thumb Code   556  scanf_fp.o(.text)
    atoi                                     0x08000559   Thumb Code    26  atoi.o(.text)
    __aeabi_fadd                             0x08000573   Thumb Code   164  fadd.o(.text)
    __aeabi_fsub                             0x08000617   Thumb Code     6  fadd.o(.text)
    __aeabi_frsub                            0x0800061d   Thumb Code     6  fadd.o(.text)
    __aeabi_fmul                             0x08000623   Thumb Code   100  fmul.o(.text)
    __aeabi_fdiv                             0x08000687   Thumb Code   124  fdiv.o(.text)
    __aeabi_dadd                             0x08000703   Thumb Code   322  dadd.o(.text)
    __aeabi_dsub                             0x08000845   Thumb Code     6  dadd.o(.text)
    __aeabi_drsub                            0x0800084b   Thumb Code     6  dadd.o(.text)
    __aeabi_dmul                             0x08000851   Thumb Code   228  dmul.o(.text)
    __aeabi_ddiv                             0x08000935   Thumb Code   222  ddiv.o(.text)
    __aeabi_ui2d                             0x08000a13   Thumb Code    26  dfltui.o(.text)
    __aeabi_f2uiz                            0x08000a2d   Thumb Code    40  ffixui.o(.text)
    __aeabi_d2iz                             0x08000a55   Thumb Code    62  dfixi.o(.text)
    __aeabi_f2d                              0x08000a93   Thumb Code    38  f2d.o(.text)
    __aeabi_cdcmpeq                          0x08000ab9   Thumb Code     0  cdcmple.o(.text)
    __aeabi_cdcmple                          0x08000ab9   Thumb Code    48  cdcmple.o(.text)
    __aeabi_cdrcmple                         0x08000ae9   Thumb Code    48  cdrcmple.o(.text)
    __aeabi_d2f                              0x08000b19   Thumb Code    56  d2f.o(.text)
    __aeabi_uidiv                            0x08000b51   Thumb Code     0  uidiv.o(.text)
    __aeabi_uidivmod                         0x08000b51   Thumb Code    44  uidiv.o(.text)
    __aeabi_uldivmod                         0x08000b7d   Thumb Code    98  uldiv.o(.text)
    __aeabi_llsl                             0x08000bdf   Thumb Code    30  llshl.o(.text)
    _ll_shift_l                              0x08000bdf   Thumb Code     0  llshl.o(.text)
    __aeabi_llsr                             0x08000bfd   Thumb Code    32  llushr.o(.text)
    _ll_ushift_r                             0x08000bfd   Thumb Code     0  llushr.o(.text)
    __aeabi_lasr                             0x08000c1d   Thumb Code    36  llsshr.o(.text)
    _ll_sshift_r                             0x08000c1d   Thumb Code     0  llsshr.o(.text)
    _sgetc                                   0x08000c41   Thumb Code    30  _sgetc.o(.text)
    _sbackspace                              0x08000c5f   Thumb Code    34  _sgetc.o(.text)
    __strtod_int                             0x08000cb7   Thumb Code    90  strtod.o(.text)
    strtol                                   0x08000d1d   Thumb Code   112  strtol.o(.text)
    __I$use$fp                               0x08000d8d   Thumb Code     0  iusefp.o(.text)
    _float_round                             0x08000d8d   Thumb Code    18  fepilogue.o(.text)
    _float_epilogue                          0x08000d9f   Thumb Code    92  fepilogue.o(.text)
    _double_round                            0x08000dfb   Thumb Code    30  depilogue.o(.text)
    _double_epilogue                         0x08000e19   Thumb Code   156  depilogue.o(.text)
    __aeabi_ul2d                             0x08000eb5   Thumb Code    24  dfltul.o(.text)
    __aeabi_d2ulz                            0x08000ecd   Thumb Code    48  dfixul.o(.text)
    __scatterload                            0x08000efd   Thumb Code    28  init.o(.text)
    __scatterload_rt2                        0x08000efd   Thumb Code     0  init.o(.text)
    __rt_ctype_table                         0x08000f21   Thumb Code     4  ctype_o.o(.text)
    isspace                                  0x08000f29   Thumb Code    18  isspace_o.o(.text)
    _strtoul                                 0x08000f3b   Thumb Code   158  _strtoul.o(.text)
    _chval                                   0x08000fd9   Thumb Code    28  _chval.o(.text)
    __decompress                             0x08000ff5   Thumb Code     0  __dczerorl2.o(.text)
    __decompress1                            0x08000ff5   Thumb Code    86  __dczerorl2.o(.text)
    ADC_Cmd                                  0x0800104b   Thumb Code    22  stm32f10x_adc.o(i.ADC_Cmd)
    ADC_DeInit                               0x08001061   Thumb Code    78  stm32f10x_adc.o(i.ADC_DeInit)
    ADC_GetCalibrationStatus                 0x080010bd   Thumb Code    20  stm32f10x_adc.o(i.ADC_GetCalibrationStatus)
    ADC_GetConversionValue                   0x080010d1   Thumb Code     8  stm32f10x_adc.o(i.ADC_GetConversionValue)
    ADC_GetFlagStatus                        0x080010d9   Thumb Code    18  stm32f10x_adc.o(i.ADC_GetFlagStatus)
    ADC_GetResetCalibrationStatus            0x080010eb   Thumb Code    20  stm32f10x_adc.o(i.ADC_GetResetCalibrationStatus)
    ADC_Init                                 0x08001101   Thumb Code    70  stm32f10x_adc.o(i.ADC_Init)
    ADC_RegularChannelConfig                 0x08001151   Thumb Code   184  stm32f10x_adc.o(i.ADC_RegularChannelConfig)
    ADC_ResetCalibration                     0x08001209   Thumb Code    10  stm32f10x_adc.o(i.ADC_ResetCalibration)
    ADC_SoftwareStartConvCmd                 0x08001213   Thumb Code    22  stm32f10x_adc.o(i.ADC_SoftwareStartConvCmd)
    ADC_StartCalibration                     0x08001229   Thumb Code    10  stm32f10x_adc.o(i.ADC_StartCalibration)
    AD_Init                                  0x08001235   Thumb Code   138  ad.o(i.AD_Init)
    Adc_Init                                 0x080012c9   Thumb Code   156  mq2.o(i.Adc_Init)
    Adc_Init1                                0x0800136d   Thumb Code   156  mq7.o(i.Adc_Init1)
    BEEP_Init                                0x08001501   Thumb Code    60  beep.o(i.BEEP_Init)
    BusFault_Handler                         0x08001541   Thumb Code     4  stm32f10x_it.o(i.BusFault_Handler)
    DHT11_GPIO_Config                        0x08001545   Thumb Code    46  dht11.o(i.DHT11_GPIO_Config)
    DebugMon_Handler                         0x080015b9   Thumb Code     2  stm32f10x_it.o(i.DebugMon_Handler)
    Delay_ms                                 0x080015bb   Thumb Code    24  delay.o(i.Delay_ms)
    Delay_us                                 0x080015d3   Thumb Code    46  delay.o(i.Delay_us)
    Esp_PUB                                  0x08001601   Thumb Code    42  esp.o(i.Esp_PUB)
    GPIO_Init                                0x08001631   Thumb Code   278  stm32f10x_gpio.o(i.GPIO_Init)
    GPIO_PinRemapConfig                      0x08001749   Thumb Code   138  stm32f10x_gpio.o(i.GPIO_PinRemapConfig)
    GPIO_ReadInputDataBit                    0x080017d9   Thumb Code    18  stm32f10x_gpio.o(i.GPIO_ReadInputDataBit)
    GPIO_ResetBits                           0x080017eb   Thumb Code     4  stm32f10x_gpio.o(i.GPIO_ResetBits)
    GPIO_SetBits                             0x080017ef   Thumb Code     4  stm32f10x_gpio.o(i.GPIO_SetBits)
    GPIO_WriteBit                            0x080017f3   Thumb Code    10  stm32f10x_gpio.o(i.GPIO_WriteBit)
    Get_Adc1                                 0x080017fd   Thumb Code    46  mq7.o(i.Get_Adc1)
    Get_Adc_Average1                         0x08001831   Thumb Code    46  mq7.o(i.Get_Adc_Average1)
    HardFault_Handler                        0x0800185f   Thumb Code     4  stm32f10x_it.o(i.HardFault_Handler)
    IR_FireData                              0x08001865   Thumb Code    24  ad.o(i.IR_FireData)
    KEY_Init                                 0x08001881   Thumb Code   106  key.o(i.KEY_Init)
    KEY_Scan                                 0x080018f5   Thumb Code   178  key.o(i.KEY_Scan)
    MOTOR_Init                               0x080019b1   Thumb Code    50  stepmotor.o(i.MOTOR_Init)
    MemManage_Handler                        0x080019e9   Thumb Code     4  stm32f10x_it.o(i.MemManage_Handler)
    NMI_Handler                              0x080019ed   Thumb Code     2  stm32f10x_it.o(i.NMI_Handler)
    NVIC_Init                                0x080019f1   Thumb Code   100  misc.o(i.NVIC_Init)
    NVIC_PriorityGroupConfig                 0x08001a61   Thumb Code    10  misc.o(i.NVIC_PriorityGroupConfig)
    OLED_Clear                               0x08001a75   Thumb Code    36  oled.o(i.OLED_Clear)
    OLED_ClearArea                           0x08001a9d   Thumb Code   162  oled.o(i.OLED_ClearArea)
    OLED_GPIO_Init                           0x08001b45   Thumb Code    92  oled.o(i.OLED_GPIO_Init)
    OLED_I2C_SendByte                        0x08001ba5   Thumb Code    62  oled.o(i.OLED_I2C_SendByte)
    OLED_I2C_Start                           0x08001be3   Thumb Code    28  oled.o(i.OLED_I2C_Start)
    OLED_I2C_Stop                            0x08001bff   Thumb Code    22  oled.o(i.OLED_I2C_Stop)
    OLED_Init                                0x08001c15   Thumb Code   154  oled.o(i.OLED_Init)
    OLED_Pow                                 0x08001caf   Thumb Code    20  oled.o(i.OLED_Pow)
    OLED_SetCursor                           0x08001cc3   Thumb Code    34  oled.o(i.OLED_SetCursor)
    OLED_ShowChar                            0x08001ce5   Thumb Code    74  oled.o(i.OLED_ShowChar)
    OLED_ShowChinese                         0x08001d39   Thumb Code   144  oled.o(i.OLED_ShowChinese)
    OLED_ShowImage                           0x08001dd1   Thumb Code   296  oled.o(i.OLED_ShowImage)
    OLED_ShowNum                             0x08001efd   Thumb Code    76  oled.o(i.OLED_ShowNum)
    OLED_ShowString                          0x08001f49   Thumb Code    46  oled.o(i.OLED_ShowString)
    OLED_Update                              0x08001f79   Thumb Code    36  oled.o(i.OLED_Update)
    OLED_W_SCL                               0x08001fa1   Thumb Code    18  oled.o(i.OLED_W_SCL)
    OLED_W_SDA                               0x08001fb9   Thumb Code    18  oled.o(i.OLED_W_SDA)
    OLED_WriteCommand                        0x08001fd1   Thumb Code    32  oled.o(i.OLED_WriteCommand)
    OLED_WriteData                           0x08001ff1   Thumb Code    46  oled.o(i.OLED_WriteData)
    PWM_SetCompare1                          0x08002021   Thumb Code    14  pwm.o(i.PWM_SetCompare1)
    PWM_init1                                0x08002035   Thumb Code   140  pwm.o(i.PWM_init1)
    PendSV_Handler                           0x080020c9   Thumb Code     2  stm32f10x_it.o(i.PendSV_Handler)
    RCC_ADCCLKConfig                         0x080021ad   Thumb Code    18  stm32f10x_rcc.o(i.RCC_ADCCLKConfig)
    RCC_APB1PeriphClockCmd                   0x080021c5   Thumb Code    26  stm32f10x_rcc.o(i.RCC_APB1PeriphClockCmd)
    RCC_APB2PeriphClockCmd                   0x080021e5   Thumb Code    26  stm32f10x_rcc.o(i.RCC_APB2PeriphClockCmd)
    RCC_APB2PeriphResetCmd                   0x08002205   Thumb Code    26  stm32f10x_rcc.o(i.RCC_APB2PeriphResetCmd)
    RCC_GetClocksFreq                        0x08002225   Thumb Code   192  stm32f10x_rcc.o(i.RCC_GetClocksFreq)
    Read_DHT11                               0x08002359   Thumb Code   154  dht11.o(i.Read_DHT11)
    SVC_Handler                              0x080023f9   Thumb Code     2  stm32f10x_it.o(i.SVC_Handler)
    Serial_Init                              0x080023fd   Thumb Code   172  myusart.o(i.Serial_Init)
    Serial_SendByte                          0x080024b1   Thumb Code    28  myusart.o(i.Serial_SendByte)
    Serial_SendString                        0x080024d1   Thumb Code    26  myusart.o(i.Serial_SendString)
    Servo_Init                               0x080024eb   Thumb Code     8  servo.o(i.Servo_Init)
    Servo_SetAngle                           0x080024f5   Thumb Code    48  servo.o(i.Servo_SetAngle)
    SysTick_Handler                          0x08002619   Thumb Code     2  stm32f10x_it.o(i.SysTick_Handler)
    SystemInit                               0x0800261d   Thumb Code    78  system_stm32f10x.o(i.SystemInit)
    TIM_Cmd                                  0x0800267d   Thumb Code    24  stm32f10x_tim.o(i.TIM_Cmd)
    TIM_InternalClockConfig                  0x08002695   Thumb Code    12  stm32f10x_tim.o(i.TIM_InternalClockConfig)
    TIM_OC1Init                              0x080026a1   Thumb Code   132  stm32f10x_tim.o(i.TIM_OC1Init)
    TIM_OCStructInit                         0x08002739   Thumb Code    20  stm32f10x_tim.o(i.TIM_OCStructInit)
    TIM_SetCompare1                          0x0800274d   Thumb Code     4  stm32f10x_tim.o(i.TIM_SetCompare1)
    TIM_TimeBaseInit                         0x08002751   Thumb Code   122  stm32f10x_tim.o(i.TIM_TimeBaseInit)
    USART1_IRQHandler                        0x080027f5   Thumb Code    44  myusart.o(i.USART1_IRQHandler)
    USART2_IRQHandler                        0x08002825   Thumb Code    44  myusart.o(i.USART2_IRQHandler)
    USART_ClearITPendingBit                  0x08002855   Thumb Code    30  stm32f10x_usart.o(i.USART_ClearITPendingBit)
    USART_Cmd                                0x08002873   Thumb Code    24  stm32f10x_usart.o(i.USART_Cmd)
    USART_GetFlagStatus                      0x0800288b   Thumb Code    26  stm32f10x_usart.o(i.USART_GetFlagStatus)
    USART_GetITStatus                        0x080028a5   Thumb Code    84  stm32f10x_usart.o(i.USART_GetITStatus)
    USART_ITConfig                           0x080028f9   Thumb Code    74  stm32f10x_usart.o(i.USART_ITConfig)
    USART_Init                               0x08002945   Thumb Code   210  stm32f10x_usart.o(i.USART_Init)
    USART_ReceiveData                        0x08002a1d   Thumb Code    10  stm32f10x_usart.o(i.USART_ReceiveData)
    USART_SendData                           0x08002a27   Thumb Code     8  stm32f10x_usart.o(i.USART_SendData)
    UsageFault_Handler                       0x08002d09   Thumb Code     4  stm32f10x_it.o(i.UsageFault_Handler)
    __0printf                                0x08002d0d   Thumb Code    22  printfa.o(i.__0printf)
    __1printf                                0x08002d0d   Thumb Code     0  printfa.o(i.__0printf)
    __2printf                                0x08002d0d   Thumb Code     0  printfa.o(i.__0printf)
    __c89printf                              0x08002d0d   Thumb Code     0  printfa.o(i.__0printf)
    printf                                   0x08002d0d   Thumb Code     0  printfa.o(i.__0printf)
    __0snprintf                              0x08002d2d   Thumb Code    44  printfa.o(i.__0snprintf)
    __1snprintf                              0x08002d2d   Thumb Code     0  printfa.o(i.__0snprintf)
    __2snprintf                              0x08002d2d   Thumb Code     0  printfa.o(i.__0snprintf)
    __c89snprintf                            0x08002d2d   Thumb Code     0  printfa.o(i.__0snprintf)
    snprintf                                 0x08002d2d   Thumb Code     0  printfa.o(i.__0snprintf)
    __aeabi_errno_addr                       0x08002d5d   Thumb Code     4  errno.o(i.__aeabi_errno_addr)
    __rt_errno_addr                          0x08002d5d   Thumb Code     0  errno.o(i.__aeabi_errno_addr)
    free                                     0x08002d65   Thumb Code    88  mallocr.o(i.__free$realloc)
    malloc                                   0x08002dc1   Thumb Code    64  mallocr.o(i.__malloc$realloc)
    __scatterload_copy                       0x08002e11   Thumb Code    14  handlers.o(i.__scatterload_copy)
    __scatterload_null                       0x08002e1f   Thumb Code     2  handlers.o(i.__scatterload_null)
    __scatterload_zeroinit                   0x08002e21   Thumb Code    14  handlers.o(i.__scatterload_zeroinit)
    _is_digit                                0x08002fb5   Thumb Code    14  scanf_fp.o(i._is_digit)
    beep_alarm                               0x08003709   Thumb Code    46  fmq.o(i.beep_alarm)
    beep_off                                 0x08003739   Thumb Code    12  fmq.o(i.beep_off)
    beep_on                                  0x08003749   Thumb Code    12  fmq.o(i.beep_on)
    cJSON_Delete                             0x080037a1   Thumb Code    92  cjson.o(i.cJSON_Delete)
    cJSON_GetErrorPtr                        0x08003801   Thumb Code    12  cjson.o(i.cJSON_GetErrorPtr)
    cJSON_GetObjectItem                      0x08003811   Thumb Code    18  cjson.o(i.cJSON_GetObjectItem)
    cJSON_IsNumber                           0x08003823   Thumb Code    22  cjson.o(i.cJSON_IsNumber)
    cJSON_IsString                           0x08003839   Thumb Code    22  cjson.o(i.cJSON_IsString)
    cJSON_Parse                              0x08003869   Thumb Code    16  cjson.o(i.cJSON_Parse)
    cJSON_ParseWithLengthOpts                0x08003879   Thumb Code   204  cjson.o(i.cJSON_ParseWithLengthOpts)
    cJSON_ParseWithOpts                      0x0800394d   Thumb Code    40  cjson.o(i.cJSON_ParseWithOpts)
    esp_Init                                 0x080039bd   Thumb Code    10  esp.o(i.esp_Init)
    fengguan                                 0x080039c9   Thumb Code    16  beep.o(i.fengguan)
    fengkai                                  0x080039dd   Thumb Code    14  beep.o(i.fengkai)
    fputc                                    0x080039f1   Thumb Code    16  myusart.o(i.fputc)
    main                                     0x08003aa9   Thumb Code   312  main.o(i.main)
    mfq_Init                                 0x08003c29   Thumb Code    46  fmq.o(i.mfq_Init)
    realloc                                  0x08004301   Thumb Code   102  mallocr.o(i.realloc)
    shuiguan                                 0x0800436d   Thumb Code    16  beep.o(i.shuiguan)
    shuikai                                  0x08004381   Thumb Code    14  beep.o(i.shuikai)
    strtod                                   0x080043d1   Thumb Code    28  strtod.o(i.strtod)
    uart2_init                               0x080043ed   Thumb Code   170  myusart.o(i.uart2_init)
    uart2_send_byte                          0x080044a1   Thumb Code    28  myusart.o(i.uart2_send_byte)
    uart2_send_string                        0x080044c1   Thumb Code    22  myusart.o(i.uart2_send_string)
    usart2_receive_callback                  0x080044d9   Thumb Code   110  myusart.o(i.usart2_receive_callback)
    wireless_clear_buffer                    0x08004679   Thumb Code    20  esp.o(i.wireless_clear_buffer)
    wireless_command_control                 0x08004695   Thumb Code   150  esp.o(i.wireless_command_control)
    wireless_error_handler                   0x0800478d   Thumb Code   136  esp.o(i.wireless_error_handler)
    wireless_get_command_id                  0x0800491d   Thumb Code    84  esp.o(i.wireless_get_command_id)
    wireless_get_onenet_command_flag         0x08004989   Thumb Code    20  esp.o(i.wireless_get_onenet_command_flag)
    wireless_get_receive_flag                0x080049cd   Thumb Code    12  esp.o(i.wireless_get_receive_flag)
    wireless_init                            0x080049dd   Thumb Code   380  esp.o(i.wireless_init)
    wireless_mqtt_connect_status             0x08004cad   Thumb Code    34  esp.o(i.wireless_mqtt_connect_status)
    wireless_onenet_data_handler             0x08004d1d   Thumb Code   102  esp.o(i.wireless_onenet_data_handler)
    wireless_processing_command              0x08004ddd   Thumb Code    70  esp.o(i.wireless_processing_command)
    wireless_publish_data                    0x08004e6d   Thumb Code   476  esp.o(i.wireless_publish_data)
    wireless_receive_callback                0x080051a5   Thumb Code    76  esp.o(i.wireless_receive_callback)
    wireless_receive_command_respond         0x080051fd   Thumb Code    62  esp.o(i.wireless_receive_command_respond)
    wireless_receive_data_handler            0x080052b5   Thumb Code   128  esp.o(i.wireless_receive_data_handler)
    wireless_receiver_command_extract        0x080053d1   Thumb Code   314  esp.o(i.wireless_receiver_command_extract)
    wireless_send_command                    0x080055cd   Thumb Code   130  esp.o(i.wireless_send_command)
    wireless_system_handler                  0x08005675   Thumb Code    52  esp.o(i.wireless_system_handler)
    wireless_wifi_connect_status             0x0800570d   Thumb Code    34  esp.o(i.wireless_wifi_connect_status)
    OLED_F8x16                               0x08005750   Data        1520  oeld_data.o(.constdata)
    OLED_F6x8                                0x08005d40   Data         570  oeld_data.o(.constdata)
    OLED_CF16x16                             0x08005f7a   Data        1296  oeld_data.o(.constdata)
    Diode                                    0x0800648a   Data          32  oeld_data.o(.constdata)
    __ctype_table                            0x080064aa   Data         129  ctype_o.o(.constdata)
    Region$$Table$$Base                      0x080066e0   Number         0  anon$$obj.o(Region$$Table)
    Region$$Table$$Limit                     0x08006700   Number         0  anon$$obj.o(Region$$Table)
    MQ7_Value                                0x20000014   Data           4  main.o(.data)
    fire                                     0x20000018   Data           2  main.o(.data)
    y                                        0x2000001a   Data           2  main.o(.data)
    r                                        0x2000001c   Data           2  main.o(.data)
    w                                        0x2000001e   Data           2  main.o(.data)
    h                                        0x20000020   Data           2  main.o(.data)
    Y                                        0x20000022   Data           2  main.o(.data)
    W                                        0x20000024   Data           2  main.o(.data)
    R                                        0x20000026   Data           2  main.o(.data)
    temp_one                                 0x20000028   Data           4  main.o(.data)
    shi1                                     0x2000002c   Data           4  main.o(.data)
    MQ2_Value                                0x20000030   Data           4  main.o(.data)
    DHT11_Data                               0x20000034   Data           5  main.o(.data)
    key                                      0x2000003a   Data           2  main.o(.data)
    flag1                                    0x2000003c   Data           2  main.o(.data)
    flag2                                    0x2000003e   Data           2  main.o(.data)
    flag3                                    0x20000040   Data           2  main.o(.data)
    flag5                                    0x20000042   Data           2  main.o(.data)
    flag6                                    0x20000044   Data           2  main.o(.data)
    AD                                       0x20000046   Data           2  main.o(.data)
    wen1                                     0x20000048   Data           4  main.o(.data)
    A                                        0x2000004c   Data           2  main.o(.data)
    tem                                      0x2000004e   Data           2  main.o(.data)
    yan                                      0x20000050   Data           2  main.o(.data)
    ran                                      0x20000052   Data           2  main.o(.data)
    Judge                                    0x20000054   Data           2  main.o(.data)
    cnt                                      0x20000056   Data           2  main.o(.data)
    temp_int                                 0x20000058   Data           1  main.o(.data)
    temp_deci                                0x20000059   Data           1  main.o(.data)
    humi_int                                 0x2000005a   Data           1  main.o(.data)
    humi_deci                                0x2000005b   Data           1  main.o(.data)
    yan1                                     0x2000005c   Data           1  main.o(.data)
    yan2                                     0x2000005d   Data           1  main.o(.data)
    feng                                     0x2000005e   Data           1  main.o(.data)
    wena                                     0x2000005f   Data           1  main.o(.data)
    wenb                                     0x20000060   Data           1  main.o(.data)
    shui                                     0x20000061   Data           1  main.o(.data)
    bao                                      0x20000062   Data           1  main.o(.data)
    window                                   0x20000063   Data           1  main.o(.data)
    rana                                     0x20000064   Data           1  main.o(.data)
    ranb                                     0x20000065   Data           1  main.o(.data)
    display_page                             0x20000066   Data           1  main.o(.data)
    func1                                    0x20000068   Data          12  esp.o(.data)
    func2                                    0x20000074   Data          12  esp.o(.data)
    func3                                    0x20000080   Data          12  esp.o(.data)
    func4                                    0x2000008c   Data          12  esp.o(.data)
    func5                                    0x20000098   Data          12  esp.o(.data)
    func6                                    0x200000a4   Data          12  esp.o(.data)
    func7                                    0x200000b0   Data          12  esp.o(.data)
    func8                                    0x200000bc   Data          12  esp.o(.data)
    func9                                    0x200000c8   Data          12  esp.o(.data)
    func10                                   0x200000d4   Data          12  esp.o(.data)
    func11                                   0x200000e0   Data          12  esp.o(.data)
    func12                                   0x200000ec   Data          12  esp.o(.data)
    func14                                   0x200000f8   Data          12  esp.o(.data)
    func15                                   0x20000104   Data          12  esp.o(.data)
    func16                                   0x20000110   Data          12  esp.o(.data)
    func17                                   0x2000011c   Data          12  esp.o(.data)
    func18                                   0x20000128   Data          12  esp.o(.data)
    auto_fan_state                           0x20000134   Data           1  esp.o(.data)
    auto_pump_state                          0x20000135   Data           1  esp.o(.data)
    onenet_data_array                        0x20000138   Data          44  esp.o(.data)
    W_RxDataCnt                              0x20000164   Data           2  esp.o(.data)
    WirelessStatus                           0x20000166   Data           4  esp.o(.data)
    __stdout                                 0x20000180   Data           4  stdout.o(.data)
    __microlib_freelist                      0x20000184   Data           4  mvars.o(.data)
    __microlib_freelist_initialised          0x20000188   Data           4  mvars.o(.data)
    OLED_DisplayBuf                          0x20000190   Data        1024  oled.o(.bss)
    W_RxBuffer                               0x20000590   Data         328  esp.o(.bss)
    Uart2                                    0x200006d8   Data         260  myusart.o(.bss)
    __heap_base                              0x200007e0   Data           0  startup_stm32f10x_md.o(HEAP)
    __heap_limit                             0x20000be0   Data           0  startup_stm32f10x_md.o(HEAP)
    __initial_sp                             0x200013e0   Data           0  startup_stm32f10x_md.o(STACK)



==============================================================================

Memory Map of the image

  Image Entry point : 0x080000ed

  Load Region LR_IROM1 (Base: 0x08000000, Size: 0x00006890, Max: 0x00010000, ABSOLUTE, COMPRESSED[0x00006784])

    Execution Region ER_IROM1 (Exec base: 0x08000000, Load base: 0x08000000, Size: 0x00006700, Max: 0x00010000, ABSOLUTE)

    Exec Addr    Load Addr    Size         Type   Attr      Idx    E Section Name        Object

    0x08000000   0x08000000   0x000000ec   Data   RO          132    RESET               startup_stm32f10x_md.o
    0x080000ec   0x080000ec   0x00000000   Code   RO         4917  * .ARM.Collect$$$$00000000  mc_w.l(entry.o)
    0x080000ec   0x080000ec   0x00000004   Code   RO         5298    .ARM.Collect$$$$00000001  mc_w.l(entry2.o)
    0x080000f0   0x080000f0   0x00000004   Code   RO         5301    .ARM.Collect$$$$00000004  mc_w.l(entry5.o)
    0x080000f4   0x080000f4   0x00000000   Code   RO         5303    .ARM.Collect$$$$00000008  mc_w.l(entry7b.o)
    0x080000f4   0x080000f4   0x00000000   Code   RO         5305    .ARM.Collect$$$$0000000A  mc_w.l(entry8b.o)
    0x080000f4   0x080000f4   0x00000008   Code   RO         5306    .ARM.Collect$$$$0000000B  mc_w.l(entry9a.o)
    0x080000fc   0x080000fc   0x00000000   Code   RO         5308    .ARM.Collect$$$$0000000D  mc_w.l(entry10a.o)
    0x080000fc   0x080000fc   0x00000000   Code   RO         5310    .ARM.Collect$$$$0000000F  mc_w.l(entry11a.o)
    0x080000fc   0x080000fc   0x00000004   Code   RO         5299    .ARM.Collect$$$$00002712  mc_w.l(entry2.o)
    0x08000100   0x08000100   0x00000024   Code   RO          133    .text               startup_stm32f10x_md.o
    0x08000124   0x08000124   0x0000000c   Code   RO         4920    .text               mc_w.l(tolower.o)
    0x08000130   0x08000130   0x00000024   Code   RO         4922    .text               mc_w.l(memcpya.o)
    0x08000154   0x08000154   0x00000024   Code   RO         4924    .text               mc_w.l(memseta.o)
    0x08000178   0x08000178   0x00000024   Code   RO         4926    .text               mc_w.l(strstr.o)
    0x0800019c   0x0800019c   0x00000014   Code   RO         4928    .text               mc_w.l(strchr.o)
    0x080001b0   0x080001b0   0x0000000e   Code   RO         4930    .text               mc_w.l(strlen.o)
    0x080001be   0x080001be   0x0000001c   Code   RO         4932    .text               mc_w.l(strcmp.o)
    0x080001da   0x080001da   0x0000001e   Code   RO         4936    .text               mc_w.l(strncmp.o)
    0x080001f8   0x080001f8   0x00000360   Code   RO         5231    .text               mc_w.l(scanf_fp.o)
    0x08000558   0x08000558   0x0000001a   Code   RO         5235    .text               mc_w.l(atoi.o)
    0x08000572   0x08000572   0x000000b0   Code   RO         5237    .text               mf_w.l(fadd.o)
    0x08000622   0x08000622   0x00000064   Code   RO         5239    .text               mf_w.l(fmul.o)
    0x08000686   0x08000686   0x0000007c   Code   RO         5241    .text               mf_w.l(fdiv.o)
    0x08000702   0x08000702   0x0000014e   Code   RO         5243    .text               mf_w.l(dadd.o)
    0x08000850   0x08000850   0x000000e4   Code   RO         5245    .text               mf_w.l(dmul.o)
    0x08000934   0x08000934   0x000000de   Code   RO         5247    .text               mf_w.l(ddiv.o)
    0x08000a12   0x08000a12   0x0000001a   Code   RO         5253    .text               mf_w.l(dfltui.o)
    0x08000a2c   0x08000a2c   0x00000028   Code   RO         5255    .text               mf_w.l(ffixui.o)
    0x08000a54   0x08000a54   0x0000003e   Code   RO         5257    .text               mf_w.l(dfixi.o)
    0x08000a92   0x08000a92   0x00000026   Code   RO         5261    .text               mf_w.l(f2d.o)
    0x08000ab8   0x08000ab8   0x00000030   Code   RO         5263    .text               mf_w.l(cdcmple.o)
    0x08000ae8   0x08000ae8   0x00000030   Code   RO         5265    .text               mf_w.l(cdrcmple.o)
    0x08000b18   0x08000b18   0x00000038   Code   RO         5267    .text               mf_w.l(d2f.o)
    0x08000b50   0x08000b50   0x0000002c   Code   RO         5313    .text               mc_w.l(uidiv.o)
    0x08000b7c   0x08000b7c   0x00000062   Code   RO         5315    .text               mc_w.l(uldiv.o)
    0x08000bde   0x08000bde   0x0000001e   Code   RO         5317    .text               mc_w.l(llshl.o)
    0x08000bfc   0x08000bfc   0x00000020   Code   RO         5319    .text               mc_w.l(llushr.o)
    0x08000c1c   0x08000c1c   0x00000024   Code   RO         5321    .text               mc_w.l(llsshr.o)
    0x08000c40   0x08000c40   0x00000040   Code   RO         5334    .text               mc_w.l(_sgetc.o)
    0x08000c80   0x08000c80   0x0000009c   Code   RO         5336    .text               mc_w.l(strtod.o)
    0x08000d1c   0x08000d1c   0x00000070   Code   RO         5338    .text               mc_w.l(strtol.o)
    0x08000d8c   0x08000d8c   0x00000000   Code   RO         5340    .text               mc_w.l(iusefp.o)
    0x08000d8c   0x08000d8c   0x0000006e   Code   RO         5341    .text               mf_w.l(fepilogue.o)
    0x08000dfa   0x08000dfa   0x000000ba   Code   RO         5343    .text               mf_w.l(depilogue.o)
    0x08000eb4   0x08000eb4   0x00000018   Code   RO         5347    .text               mf_w.l(dfltul.o)
    0x08000ecc   0x08000ecc   0x00000030   Code   RO         5349    .text               mf_w.l(dfixul.o)
    0x08000efc   0x08000efc   0x00000024   Code   RO         5355    .text               mc_w.l(init.o)
    0x08000f20   0x08000f20   0x00000008   Code   RO         5359    .text               mc_w.l(ctype_o.o)
    0x08000f28   0x08000f28   0x00000012   Code   RO         5381    .text               mc_w.l(isspace_o.o)
    0x08000f3a   0x08000f3a   0x0000009e   Code   RO         5389    .text               mc_w.l(_strtoul.o)
    0x08000fd8   0x08000fd8   0x0000001c   Code   RO         5396    .text               mc_w.l(_chval.o)
    0x08000ff4   0x08000ff4   0x00000056   Code   RO         5406    .text               mc_w.l(__dczerorl2.o)
    0x0800104a   0x0800104a   0x00000016   Code   RO          202    i.ADC_Cmd           stm32f10x_adc.o
    0x08001060   0x08001060   0x0000005c   Code   RO          204    i.ADC_DeInit        stm32f10x_adc.o
    0x080010bc   0x080010bc   0x00000014   Code   RO          210    i.ADC_GetCalibrationStatus  stm32f10x_adc.o
    0x080010d0   0x080010d0   0x00000008   Code   RO          211    i.ADC_GetConversionValue  stm32f10x_adc.o
    0x080010d8   0x080010d8   0x00000012   Code   RO          213    i.ADC_GetFlagStatus  stm32f10x_adc.o
    0x080010ea   0x080010ea   0x00000014   Code   RO          216    i.ADC_GetResetCalibrationStatus  stm32f10x_adc.o
    0x080010fe   0x080010fe   0x00000002   PAD
    0x08001100   0x08001100   0x00000050   Code   RO          220    i.ADC_Init          stm32f10x_adc.o
    0x08001150   0x08001150   0x000000b8   Code   RO          224    i.ADC_RegularChannelConfig  stm32f10x_adc.o
    0x08001208   0x08001208   0x0000000a   Code   RO          225    i.ADC_ResetCalibration  stm32f10x_adc.o
    0x08001212   0x08001212   0x00000016   Code   RO          227    i.ADC_SoftwareStartConvCmd  stm32f10x_adc.o
    0x08001228   0x08001228   0x0000000a   Code   RO          229    i.ADC_StartCalibration  stm32f10x_adc.o
    0x08001232   0x08001232   0x00000002   PAD
    0x08001234   0x08001234   0x00000094   Code   RO         3830    i.AD_Init           ad.o
    0x080012c8   0x080012c8   0x000000a4   Code   RO         3699    i.Adc_Init          mq2.o
    0x0800136c   0x0800136c   0x000000a4   Code   RO         4207    i.Adc_Init1         mq7.o
    0x08001410   0x08001410   0x000000f0   Code   RO         3235    i.Auto_Control_System  main.o
    0x08001500   0x08001500   0x00000040   Code   RO         3768    i.BEEP_Init         beep.o
    0x08001540   0x08001540   0x00000004   Code   RO         3333    i.BusFault_Handler  stm32f10x_it.o
    0x08001544   0x08001544   0x00000034   Code   RO         3732    i.DHT11_GPIO_Config  dht11.o
    0x08001578   0x08001578   0x0000001c   Code   RO         3733    i.DHT11_Mode_IPU    dht11.o
    0x08001594   0x08001594   0x00000024   Code   RO         3734    i.DHT11_Mode_Out_PP  dht11.o
    0x080015b8   0x080015b8   0x00000002   Code   RO         3334    i.DebugMon_Handler  stm32f10x_it.o
    0x080015ba   0x080015ba   0x00000018   Code   RO         3196    i.Delay_ms          delay.o
    0x080015d2   0x080015d2   0x0000002e   Code   RO         3198    i.Delay_us          delay.o
    0x08001600   0x08001600   0x00000030   Code   RO         3884    i.Esp_PUB           esp.o
    0x08001630   0x08001630   0x00000116   Code   RO         1347    i.GPIO_Init         stm32f10x_gpio.o
    0x08001746   0x08001746   0x00000002   PAD
    0x08001748   0x08001748   0x00000090   Code   RO         1349    i.GPIO_PinRemapConfig  stm32f10x_gpio.o
    0x080017d8   0x080017d8   0x00000012   Code   RO         1351    i.GPIO_ReadInputDataBit  stm32f10x_gpio.o
    0x080017ea   0x080017ea   0x00000004   Code   RO         1354    i.GPIO_ResetBits    stm32f10x_gpio.o
    0x080017ee   0x080017ee   0x00000004   Code   RO         1355    i.GPIO_SetBits      stm32f10x_gpio.o
    0x080017f2   0x080017f2   0x0000000a   Code   RO         1358    i.GPIO_WriteBit     stm32f10x_gpio.o
    0x080017fc   0x080017fc   0x00000034   Code   RO         4208    i.Get_Adc1          mq7.o
    0x08001830   0x08001830   0x0000002e   Code   RO         4209    i.Get_Adc_Average1  mq7.o
    0x0800185e   0x0800185e   0x00000004   Code   RO         3335    i.HardFault_Handler  stm32f10x_it.o
    0x08001862   0x08001862   0x00000002   PAD
    0x08001864   0x08001864   0x0000001c   Code   RO         3831    i.IR_FireData       ad.o
    0x08001880   0x08001880   0x00000074   Code   RO         3807    i.KEY_Init          key.o
    0x080018f4   0x080018f4   0x000000bc   Code   RO         3808    i.KEY_Scan          key.o
    0x080019b0   0x080019b0   0x00000038   Code   RO         4161    i.MOTOR_Init        stepmotor.o
    0x080019e8   0x080019e8   0x00000004   Code   RO         3336    i.MemManage_Handler  stm32f10x_it.o
    0x080019ec   0x080019ec   0x00000002   Code   RO         3337    i.NMI_Handler       stm32f10x_it.o
    0x080019ee   0x080019ee   0x00000002   PAD
    0x080019f0   0x080019f0   0x00000070   Code   RO          137    i.NVIC_Init         misc.o
    0x08001a60   0x08001a60   0x00000014   Code   RO          138    i.NVIC_PriorityGroupConfig  misc.o
    0x08001a74   0x08001a74   0x00000028   Code   RO         3396    i.OLED_Clear        oled.o
    0x08001a9c   0x08001a9c   0x000000a8   Code   RO         3397    i.OLED_ClearArea    oled.o
    0x08001b44   0x08001b44   0x00000060   Code   RO         3405    i.OLED_GPIO_Init    oled.o
    0x08001ba4   0x08001ba4   0x0000003e   Code   RO         3407    i.OLED_I2C_SendByte  oled.o
    0x08001be2   0x08001be2   0x0000001c   Code   RO         3408    i.OLED_I2C_Start    oled.o
    0x08001bfe   0x08001bfe   0x00000016   Code   RO         3409    i.OLED_I2C_Stop     oled.o
    0x08001c14   0x08001c14   0x0000009a   Code   RO         3410    i.OLED_Init         oled.o
    0x08001cae   0x08001cae   0x00000014   Code   RO         3412    i.OLED_Pow          oled.o
    0x08001cc2   0x08001cc2   0x00000022   Code   RO         3416    i.OLED_SetCursor    oled.o
    0x08001ce4   0x08001ce4   0x00000054   Code   RO         3418    i.OLED_ShowChar     oled.o
    0x08001d38   0x08001d38   0x00000098   Code   RO         3419    i.OLED_ShowChinese  oled.o
    0x08001dd0   0x08001dd0   0x0000012c   Code   RO         3422    i.OLED_ShowImage    oled.o
    0x08001efc   0x08001efc   0x0000004c   Code   RO         3423    i.OLED_ShowNum      oled.o
    0x08001f48   0x08001f48   0x0000002e   Code   RO         3425    i.OLED_ShowString   oled.o
    0x08001f76   0x08001f76   0x00000002   PAD
    0x08001f78   0x08001f78   0x00000028   Code   RO         3426    i.OLED_Update       oled.o
    0x08001fa0   0x08001fa0   0x00000018   Code   RO         3428    i.OLED_W_SCL        oled.o
    0x08001fb8   0x08001fb8   0x00000018   Code   RO         3429    i.OLED_W_SDA        oled.o
    0x08001fd0   0x08001fd0   0x00000020   Code   RO         3430    i.OLED_WriteCommand  oled.o
    0x08001ff0   0x08001ff0   0x0000002e   Code   RO         3431    i.OLED_WriteData    oled.o
    0x0800201e   0x0800201e   0x00000002   PAD
    0x08002020   0x08002020   0x00000014   Code   RO         3853    i.PWM_SetCompare1   pwm.o
    0x08002034   0x08002034   0x00000094   Code   RO         3856    i.PWM_init1         pwm.o
    0x080020c8   0x080020c8   0x00000002   Code   RO         3338    i.PendSV_Handler    stm32f10x_it.o
    0x080020ca   0x080020ca   0x00000002   PAD
    0x080020cc   0x080020cc   0x000000e0   Code   RO         3237    i.Process_Key_Events  main.o
    0x080021ac   0x080021ac   0x00000018   Code   RO         1773    i.RCC_ADCCLKConfig  stm32f10x_rcc.o
    0x080021c4   0x080021c4   0x00000020   Code   RO         1775    i.RCC_APB1PeriphClockCmd  stm32f10x_rcc.o
    0x080021e4   0x080021e4   0x00000020   Code   RO         1777    i.RCC_APB2PeriphClockCmd  stm32f10x_rcc.o
    0x08002204   0x08002204   0x00000020   Code   RO         1778    i.RCC_APB2PeriphResetCmd  stm32f10x_rcc.o
    0x08002224   0x08002224   0x000000d4   Code   RO         1785    i.RCC_GetClocksFreq  stm32f10x_rcc.o
    0x080022f8   0x080022f8   0x00000060   Code   RO         3735    i.Read_Byte         dht11.o
    0x08002358   0x08002358   0x000000a0   Code   RO         3736    i.Read_DHT11        dht11.o
    0x080023f8   0x080023f8   0x00000002   Code   RO         3339    i.SVC_Handler       stm32f10x_it.o
    0x080023fa   0x080023fa   0x00000002   PAD
    0x080023fc   0x080023fc   0x000000b4   Code   RO         4061    i.Serial_Init       myusart.o
    0x080024b0   0x080024b0   0x00000020   Code   RO         4062    i.Serial_SendByte   myusart.o
    0x080024d0   0x080024d0   0x0000001a   Code   RO         4063    i.Serial_SendString  myusart.o
    0x080024ea   0x080024ea   0x00000008   Code   RO         4141    i.Servo_Init        servo.o
    0x080024f2   0x080024f2   0x00000002   PAD
    0x080024f4   0x080024f4   0x0000003c   Code   RO         4142    i.Servo_SetAngle    servo.o
    0x08002530   0x08002530   0x00000008   Code   RO           17    i.SetSysClock       system_stm32f10x.o
    0x08002538   0x08002538   0x000000e0   Code   RO           18    i.SetSysClockTo72   system_stm32f10x.o
    0x08002618   0x08002618   0x00000002   Code   RO         3340    i.SysTick_Handler   stm32f10x_it.o
    0x0800261a   0x0800261a   0x00000002   PAD
    0x0800261c   0x0800261c   0x00000060   Code   RO           20    i.SystemInit        system_stm32f10x.o
    0x0800267c   0x0800267c   0x00000018   Code   RO         2421    i.TIM_Cmd           stm32f10x_tim.o
    0x08002694   0x08002694   0x0000000c   Code   RO         2448    i.TIM_InternalClockConfig  stm32f10x_tim.o
    0x080026a0   0x080026a0   0x00000098   Code   RO         2450    i.TIM_OC1Init       stm32f10x_tim.o
    0x08002738   0x08002738   0x00000014   Code   RO         2468    i.TIM_OCStructInit  stm32f10x_tim.o
    0x0800274c   0x0800274c   0x00000004   Code   RO         2482    i.TIM_SetCompare1   stm32f10x_tim.o
    0x08002750   0x08002750   0x000000a4   Code   RO         2492    i.TIM_TimeBaseInit  stm32f10x_tim.o
    0x080027f4   0x080027f4   0x00000030   Code   RO         4064    i.USART1_IRQHandler  myusart.o
    0x08002824   0x08002824   0x00000030   Code   RO         4065    i.USART2_IRQHandler  myusart.o
    0x08002854   0x08002854   0x0000001e   Code   RO         2957    i.USART_ClearITPendingBit  stm32f10x_usart.o
    0x08002872   0x08002872   0x00000018   Code   RO         2960    i.USART_Cmd         stm32f10x_usart.o
    0x0800288a   0x0800288a   0x0000001a   Code   RO         2963    i.USART_GetFlagStatus  stm32f10x_usart.o
    0x080028a4   0x080028a4   0x00000054   Code   RO         2964    i.USART_GetITStatus  stm32f10x_usart.o
    0x080028f8   0x080028f8   0x0000004a   Code   RO         2966    i.USART_ITConfig    stm32f10x_usart.o
    0x08002942   0x08002942   0x00000002   PAD
    0x08002944   0x08002944   0x000000d8   Code   RO         2967    i.USART_Init        stm32f10x_usart.o
    0x08002a1c   0x08002a1c   0x0000000a   Code   RO         2974    i.USART_ReceiveData  stm32f10x_usart.o
    0x08002a26   0x08002a26   0x00000008   Code   RO         2977    i.USART_SendData    stm32f10x_usart.o
    0x08002a2e   0x08002a2e   0x00000002   PAD
    0x08002a30   0x08002a30   0x00000204   Code   RO         3238    i.Update_Display_Content  main.o
    0x08002c34   0x08002c34   0x000000d4   Code   RO         3239    i.Update_Sensor_Data  main.o
    0x08002d08   0x08002d08   0x00000004   Code   RO         3341    i.UsageFault_Handler  stm32f10x_it.o
    0x08002d0c   0x08002d0c   0x00000020   Code   RO         5173    i.__0printf         mc_w.l(printfa.o)
    0x08002d2c   0x08002d2c   0x00000030   Code   RO         5174    i.__0snprintf       mc_w.l(printfa.o)
    0x08002d5c   0x08002d5c   0x00000008   Code   RO         5325    i.__aeabi_errno_addr  mc_w.l(errno.o)
    0x08002d64   0x08002d64   0x0000005c   Code   RO         5205    i.__free$realloc    mc_w.l(mallocr.o)
    0x08002dc0   0x08002dc0   0x00000050   Code   RO         5206    i.__malloc$realloc  mc_w.l(mallocr.o)
    0x08002e10   0x08002e10   0x0000000e   Code   RO         5400    i.__scatterload_copy  mc_w.l(handlers.o)
    0x08002e1e   0x08002e1e   0x00000002   Code   RO         5401    i.__scatterload_null  mc_w.l(handlers.o)
    0x08002e20   0x08002e20   0x0000000e   Code   RO         5402    i.__scatterload_zeroinit  mc_w.l(handlers.o)
    0x08002e2e   0x08002e2e   0x00000002   PAD
    0x08002e30   0x08002e30   0x00000184   Code   RO         5180    i._fp_digits        mc_w.l(printfa.o)
    0x08002fb4   0x08002fb4   0x0000000e   Code   RO         5233    i._is_digit         mc_w.l(scanf_fp.o)
    0x08002fc2   0x08002fc2   0x00000002   PAD
    0x08002fc4   0x08002fc4   0x000006dc   Code   RO         5181    i._printf_core      mc_w.l(printfa.o)
    0x080036a0   0x080036a0   0x00000024   Code   RO         5182    i._printf_post_padding  mc_w.l(printfa.o)
    0x080036c4   0x080036c4   0x0000002e   Code   RO         5183    i._printf_pre_padding  mc_w.l(printfa.o)
    0x080036f2   0x080036f2   0x00000016   Code   RO         5184    i._snputc           mc_w.l(printfa.o)
    0x08003708   0x08003708   0x0000002e   Code   RO         3648    i.beep_alarm        fmq.o
    0x08003736   0x08003736   0x00000002   PAD
    0x08003738   0x08003738   0x00000010   Code   RO         3649    i.beep_off          fmq.o
    0x08003748   0x08003748   0x00000010   Code   RO         3650    i.beep_on           fmq.o
    0x08003758   0x08003758   0x00000048   Code   RO         4236    i.buffer_skip_whitespace  cjson.o
    0x080037a0   0x080037a0   0x00000060   Code   RO         4268    i.cJSON_Delete      cjson.o
    0x08003800   0x08003800   0x00000010   Code   RO         4279    i.cJSON_GetErrorPtr  cjson.o
    0x08003810   0x08003810   0x00000012   Code   RO         4281    i.cJSON_GetObjectItem  cjson.o
    0x08003822   0x08003822   0x00000016   Code   RO         4292    i.cJSON_IsNumber    cjson.o
    0x08003838   0x08003838   0x00000016   Code   RO         4295    i.cJSON_IsString    cjson.o
    0x0800384e   0x0800384e   0x0000001a   Code   RO         4298    i.cJSON_New_Item    cjson.o
    0x08003868   0x08003868   0x00000010   Code   RO         4299    i.cJSON_Parse       cjson.o
    0x08003878   0x08003878   0x000000d4   Code   RO         4301    i.cJSON_ParseWithLengthOpts  cjson.o
    0x0800394c   0x0800394c   0x00000028   Code   RO         4302    i.cJSON_ParseWithOpts  cjson.o
    0x08003974   0x08003974   0x00000048   Code   RO         4317    i.case_insensitive_strcmp  cjson.o
    0x080039bc   0x080039bc   0x0000000a   Code   RO         3885    i.esp_Init          esp.o
    0x080039c6   0x080039c6   0x00000002   PAD
    0x080039c8   0x080039c8   0x00000014   Code   RO         3769    i.fengguan          beep.o
    0x080039dc   0x080039dc   0x00000014   Code   RO         3770    i.fengkai           beep.o
    0x080039f0   0x080039f0   0x00000010   Code   RO         4066    i.fputc             myusart.o
    0x08003a00   0x08003a00   0x00000004   Code   RO         4323    i.get_decimal_point  cjson.o
    0x08003a04   0x08003a04   0x00000052   Code   RO         4324    i.get_object_item   cjson.o
    0x08003a56   0x08003a56   0x00000002   PAD
    0x08003a58   0x08003a58   0x00000050   Code   RO         5207    i.internal_alloc    mc_w.l(mallocr.o)
    0x08003aa8   0x08003aa8   0x00000180   Code   RO         3240    i.main              main.o
    0x08003c28   0x08003c28   0x00000034   Code   RO         3652    i.mfq_Init          fmq.o
    0x08003c5c   0x08003c5c   0x000000f8   Code   RO         4326    i.parse_array       cjson.o
    0x08003d54   0x08003d54   0x0000005a   Code   RO         4327    i.parse_hex4        cjson.o
    0x08003dae   0x08003dae   0x00000002   PAD
    0x08003db0   0x08003db0   0x00000138   Code   RO         4328    i.parse_number      cjson.o
    0x08003ee8   0x08003ee8   0x0000014c   Code   RO         4329    i.parse_object      cjson.o
    0x08004034   0x08004034   0x0000018e   Code   RO         4330    i.parse_string      cjson.o
    0x080041c2   0x080041c2   0x00000002   PAD
    0x080041c4   0x080041c4   0x0000013c   Code   RO         4331    i.parse_value       cjson.o
    0x08004300   0x08004300   0x0000006c   Code   RO         5208    i.realloc           mc_w.l(mallocr.o)
    0x0800436c   0x0800436c   0x00000014   Code   RO         3771    i.shuiguan          beep.o
    0x08004380   0x08004380   0x00000014   Code   RO         3772    i.shuikai           beep.o
    0x08004394   0x08004394   0x0000003c   Code   RO         4342    i.skip_utf8_bom     cjson.o
    0x080043d0   0x080043d0   0x0000001c   Code   RO         4914    i.strtod            m_ws.l(strtod.o)
    0x080043ec   0x080043ec   0x000000b4   Code   RO         4067    i.uart2_init        myusart.o
    0x080044a0   0x080044a0   0x00000020   Code   RO         4068    i.uart2_send_byte   myusart.o
    0x080044c0   0x080044c0   0x00000016   Code   RO         4069    i.uart2_send_string  myusart.o
    0x080044d6   0x080044d6   0x00000002   PAD
    0x080044d8   0x080044d8   0x00000074   Code   RO         4070    i.usart2_receive_callback  myusart.o
    0x0800454c   0x0800454c   0x0000012c   Code   RO         4345    i.utf16_literal_to_utf8  cjson.o
    0x08004678   0x08004678   0x0000001c   Code   RO         3886    i.wireless_clear_buffer  esp.o
    0x08004694   0x08004694   0x000000f8   Code   RO         3887    i.wireless_command_control  esp.o
    0x0800478c   0x0800478c   0x00000190   Code   RO         3888    i.wireless_error_handler  esp.o
    0x0800491c   0x0800491c   0x0000006c   Code   RO         3889    i.wireless_get_command_id  esp.o
    0x08004988   0x08004988   0x00000044   Code   RO         3890    i.wireless_get_onenet_command_flag  esp.o
    0x080049cc   0x080049cc   0x00000010   Code   RO         3891    i.wireless_get_receive_flag  esp.o
    0x080049dc   0x080049dc   0x000002d0   Code   RO         3892    i.wireless_init     esp.o
    0x08004cac   0x08004cac   0x00000070   Code   RO         3893    i.wireless_mqtt_connect_status  esp.o
    0x08004d1c   0x08004d1c   0x000000c0   Code   RO         3894    i.wireless_onenet_data_handler  esp.o
    0x08004ddc   0x08004ddc   0x00000090   Code   RO         3895    i.wireless_processing_command  esp.o
    0x08004e6c   0x08004e6c   0x00000338   Code   RO         3896    i.wireless_publish_data  esp.o
    0x080051a4   0x080051a4   0x00000058   Code   RO         3897    i.wireless_receive_callback  esp.o
    0x080051fc   0x080051fc   0x000000b8   Code   RO         3898    i.wireless_receive_command_respond  esp.o
    0x080052b4   0x080052b4   0x0000011c   Code   RO         3899    i.wireless_receive_data_handler  esp.o
    0x080053d0   0x080053d0   0x000001fc   Code   RO         3900    i.wireless_receiver_command_extract  esp.o
    0x080055cc   0x080055cc   0x000000a8   Code   RO         3901    i.wireless_send_command  esp.o
    0x08005674   0x08005674   0x00000098   Code   RO         3902    i.wireless_system_handler  esp.o
    0x0800570c   0x0800570c   0x00000044   Code   RO         3903    i.wireless_wifi_connect_status  esp.o
    0x08005750   0x08005750   0x00000d5a   Data   RO         3687    .constdata          oeld_data.o
    0x080064aa   0x080064aa   0x00000081   Data   RO         5360    .constdata          mc_w.l(ctype_o.o)
    0x0800652b   0x0800652b   0x00000001   PAD
    0x0800652c   0x0800652c   0x00000004   Data   RO         5361    .constdata          mc_w.l(ctype_o.o)
    0x08006530   0x08006530   0x000001ad   Data   RO         3905    .conststring        esp.o
    0x080066dd   0x080066dd   0x00000003   PAD
    0x080066e0   0x080066e0   0x00000020   Data   RO         5398    Region$$Table       anon$$obj.o


    Execution Region RW_IRAM1 (Exec base: 0x20000000, Load base: 0x08006700, Size: 0x000013e0, Max: 0x00005000, ABSOLUTE, COMPRESSED[0x00000084])

    Exec Addr    Load Addr    Size         Type   Attr      Idx    E Section Name        Object

    0x20000000   COMPRESSED   0x00000014   Data   RW         1805    .data               stm32f10x_rcc.o
    0x20000014   COMPRESSED   0x00000053   Data   RW         3241    .data               main.o
    0x20000067   COMPRESSED   0x00000001   Data   RW         3809    .data               key.o
    0x20000068   COMPRESSED   0x00000103   Data   RW         3906    .data               esp.o
    0x2000016b   COMPRESSED   0x00000001   PAD
    0x2000016c   COMPRESSED   0x00000014   Data   RW         4347    .data               cjson.o
    0x20000180   COMPRESSED   0x00000004   Data   RW         5312    .data               mc_w.l(stdout.o)
    0x20000184   COMPRESSED   0x00000004   Data   RW         5323    .data               mc_w.l(mvars.o)
    0x20000188   COMPRESSED   0x00000004   Data   RW         5324    .data               mc_w.l(mvars.o)
    0x2000018c   COMPRESSED   0x00000004   Data   RW         5328    .data               mc_w.l(errno.o)
    0x20000190        -       0x00000400   Zero   RW         3433    .bss                oled.o
    0x20000590        -       0x00000148   Zero   RW         3904    .bss                esp.o
    0x200006d8        -       0x00000104   Zero   RW         4071    .bss                myusart.o
    0x200007dc   COMPRESSED   0x00000004   PAD
    0x200007e0        -       0x00000400   Zero   RW          131    HEAP                startup_stm32f10x_md.o
    0x20000be0        -       0x00000800   Zero   RW          130    STACK               startup_stm32f10x_md.o


==============================================================================

Image component sizes


      Code (inc. data)   RO Data    RW Data    ZI Data      Debug   Object Name

       176         14          0          0          0       1136   ad.o
       144         24          0          0          0       2390   beep.o
      2754         70          0         20          0      19627   cjson.o
         0          0          0          0          0       4540   core_cm3.o
        70          0          0          0          0       1018   delay.o
       372         28          0          0          0       3785   dht11.o
      4370       2038        429        259        328      21193   esp.o
       130         14          0          0          0       2097   fmq.o
       304         20          0          1          0       1266   key.o
      1576        316          0         83          0       5061   main.o
       132         22          0          0          0     214051   misc.o
       164          8          0          0          0        631   mq2.o
       262         14          0          0          0       1858   mq7.o
       700         40          0          0        260       7965   myusart.o
         0          0       3418          0          0       1230   oeld_data.o
      1448         52          0          0       1024      13044   oled.o
       168         14          0          0          0       1202   pwm.o
        68         12          0          0          0       1018   servo.o
        36          8        236          0       3072        828   startup_stm32f10x_md.o
        56          6          0          0          0        533   stepmotor.o
       486         24          0          0          0      19482   stm32f10x_adc.o
       458          6          0          0          0      13510   stm32f10x_gpio.o
        26          0          0          0          0       4162   stm32f10x_it.o
       332         44          0         20          0      14402   stm32f10x_rcc.o
       376         62          0          0          0      24474   stm32f10x_tim.o
       472          6          0          0          0      12947   stm32f10x_usart.o
       328         28          0          0          0      45589   system_stm32f10x.o

    ----------------------------------------------------------------------
     15446       2870       4118        384       4688     439039   Object Totals
         0          0         32          0          0          0   (incl. Generated)
        38          0          3          1          4          0   (incl. Padding)

    ----------------------------------------------------------------------

      Code (inc. data)   RO Data    RW Data    ZI Data      Debug   Library Member Name

        28          0          0          0          0         80   strtod.o
        86          0          0          0          0          0   __dczerorl2.o
        28          0          0          0          0         68   _chval.o
        64          0          0          0          0         84   _sgetc.o
       158          0          0          0          0         92   _strtoul.o
        26          0          0          0          0         80   atoi.o
         8          4        133          0          0         68   ctype_o.o
         0          0          0          0          0          0   entry.o
         0          0          0          0          0          0   entry10a.o
         0          0          0          0          0          0   entry11a.o
         8          4          0          0          0          0   entry2.o
         4          0          0          0          0          0   entry5.o
         0          0          0          0          0          0   entry7b.o
         0          0          0          0          0          0   entry8b.o
         8          4          0          0          0          0   entry9a.o
         8          4          0          4          0         68   errno.o
        30          0          0          0          0          0   handlers.o
        36          8          0          0          0         68   init.o
        18          0          0          0          0         76   isspace_o.o
         0          0          0          0          0          0   iusefp.o
        30          0          0          0          0         68   llshl.o
        36          0          0          0          0         68   llsshr.o
        32          0          0          0          0         68   llushr.o
       360         30          0          0          0        356   mallocr.o
        36          0          0          0          0         68   memcpya.o
        36          0          0          0          0        108   memseta.o
         0          0          0          8          0          0   mvars.o
      2328         94          0          0          0        604   printfa.o
       878         12          0          0          0        216   scanf_fp.o
         0          0          0          4          0          0   stdout.o
        20          0          0          0          0         68   strchr.o
        28          0          0          0          0         76   strcmp.o
        14          0          0          0          0         68   strlen.o
        30          0          0          0          0         80   strncmp.o
        36          0          0          0          0         80   strstr.o
       156         12          0          0          0        120   strtod.o
       112          0          0          0          0         88   strtol.o
        12          0          0          0          0         68   tolower.o
        44          0          0          0          0         80   uidiv.o
        98          0          0          0          0         92   uldiv.o
        48          0          0          0          0         68   cdcmple.o
        48          0          0          0          0         68   cdrcmple.o
        56          0          0          0          0         88   d2f.o
       334          0          0          0          0        148   dadd.o
       222          0          0          0          0        100   ddiv.o
       186          0          0          0          0        176   depilogue.o
        62          0          0          0          0         80   dfixi.o
        48          0          0          0          0         68   dfixul.o
        26          0          0          0          0         76   dfltui.o
        24          0          0          0          0         76   dfltul.o
       228          0          0          0          0         96   dmul.o
        38          0          0          0          0         68   f2d.o
       176          0          0          0          0        140   fadd.o
       124          0          0          0          0         88   fdiv.o
       110          0          0          0          0        168   fepilogue.o
        40          0          0          0          0         68   ffixui.o
       100          0          0          0          0         76   fmul.o

    ----------------------------------------------------------------------
      6670        172        134         16          0       4712   Library Totals
         4          0          1          0          0          0   (incl. Padding)

    ----------------------------------------------------------------------

      Code (inc. data)   RO Data    RW Data    ZI Data      Debug   Library Name

        28          0          0          0          0         80   m_ws.l
      4768        172        133         16          0       2980   mc_w.l
      1870          0          0          0          0       1652   mf_w.l

    ----------------------------------------------------------------------
      6670        172        134         16          0       4712   Library Totals

    ----------------------------------------------------------------------

==============================================================================


      Code (inc. data)   RO Data    RW Data    ZI Data      Debug   

     22116       3042       4252        400       4688     433531   Grand Totals
     22116       3042       4252        132       4688     433531   ELF Image Totals (compressed)
     22116       3042       4252        132          0          0   ROM Totals

==============================================================================

    Total RO  Size (Code + RO Data)                26368 (  25.75kB)
    Total RW  Size (RW Data + ZI Data)              5088 (   4.97kB)
    Total ROM Size (Code + RO Data + RW Data)      26500 (  25.88kB)

==============================================================================

